91.108.4.0/22
91.108.8.0/22
91.108.12.0/22
91.108.16.0/22
91.108.20.0/22
91.108.56.0/22
91.108.58.0/23
91.105.192.0/23
95.161.64.0/20
149.154.160.0/20
185.76.151.0/24
visualcapitalist.com
ovd.news
talosintelligence.com
vesma.one
tmdb-image-prod.b-cdn.net
hackernoon.com
pcgamesn.com
coingate.com
nitropdf.com
tdesktop.com
pcmag.com
microchip.com
thebell.io
static.lostfilm.top
nflxvideo.net
opensea.io
t-invariant.org
daemon-tools.cc
phncdn.com
anime-portal.su
pap.pl
quora.com.cdn.cloudflare.net
api.theins.info
cdn.web-platform.io
kemono.su
zerkalo.io
coomer.su
polymarket.com
tiktokcdn-us.com
iichan.hk
fluke.com
getoutline.org
salesforce-experience.com
elastic.co
xnxx.net
xnxx-cdn.com
f95-zone.to
vot-tak.tv
meduza.io
telegra.ph
developer.nvidia.com
periscope.tv
github.com
typing.com
hollisterco.com
twitter.com
forum.ru-board.com
btod.com
htmhell.dev
ukr.net
bihus.info
proton.me
as6723.net
qt.io
halooglasi.com
swagger.io
quiz.directory
corsair.com
telegram.space
tiktokv.com
designify.com
godaddy.com
reactflow.dev
play-fe.googleapis.com
whatsapp.cc
anidub.com
upwork.com
megapeer.vip
anchor.fm
openai.com
cdnbunny.org
fansly.com
shikimori.me
surveymonkey.com
roar-review.com
krymr.com
anistar.org
simplix.info
proekt.media
autodesk.com
prosleduetmedia.com
formula1.com
saverudata.net
tik-tokapi.com
kinogo.ec
notion.com
torproject.org
ef.com
amnezia.org
filmix.fm
hdrezka.me
verstka.media
flir.eu
wa.me
monoprice.com
pages.dev
hd-rezka.tv
trailblazer.me
oracle.com
cdn-telegram.org
vipergirls.to
vice.com
yt3.googleusercontent.com
chaos.com
prostovpn.org
polit.ru
openmedia.io
mydoramy.club
doramy.club
unraid.net
politico.eu
f1.com
yting.com
gdb.rferl.org
threema.ch
wide-youtube.l.google.com
datacamp.com
anthropic.com
kupujemprodajem.com
svoboda.org
brawlstarsgame.com
ovd.info
xnxx3.com
whatsapp.tv
nnmclub.to
wpengine.com
timberland.de
pexels.com
agents.media
baginya.org
ilook.tv
tvrain.ru
searchfloor.org
anistars.ru
xnxx.tv
te-st.org
getpdfstudio.xodo.com
hetzner.com
kmail-lists.com
temu.com
xtracloud.net
bbci.co.uk
twtrdns.net
slavicsac.com
sci-hub.se
youtube-nocookie.com
bbc.co.uk
fortanga.org
paperpaper.ru
fragment.com
torrentgalaxy.to
adobe.com
kara.su
notepad-plus-plus.org
fast.com
amazfitwatchfaces.com
cherta.media
jetbrains.com
protonvpn.com
graph.org
xnxx.com
swissinfo.ch
flipboard.com
www3.corsair.com
ovd.legal
mullvad.net
netlify.com
oi.legal
selezen.org
shinyhardware.co.uk
elevenlabs.io
wonderzine.com
anilibria.tv
winaerotweaker.com
rublacklist.net
render-state.to
decrypt.day
libgen.li
riperam.org
salesforceiq.com
cursorinfo.co.il
animego.org
public.parsec.app
gfn.am
coinpayments.net
squietpc.com
crunchyroll.com
chatgpt.com
infineon.com
gulagu.net
forklog.com
bitdefender.com
byteoversea.com
intel.com
mail-api.proton.me
sci-hub.st
ttwstatic.com
plugshare.com
iherb.com
iptv.online
knowyourmeme.com
webtoons.com
intel.de
webnames.ca
twimg.com
carrefouruae.com
soundcloud.com
xsts.auth.xboxlive.com
znanija.com
kinogo.uk
xhamsterlive.com
youtu.be
sovetromantica.com
clickup.com
global.fncstatic.com
danbooru.donmai.us
foxnews.com
mailo.com
newsroom.porsche.com
twitter.jp
newark.com
broncosportforum.com
usa.one
patriot.dp.ua
kor.ill.in.ua
knews.kg
omnissa.com
youtubei.googleapis.com
mkvtoolnix.download
shiza-project.com
capacitorjs.com
meta.com
delfi.lv
adultmult.tv
gofundme.com
animebest.org
nippon.com
connectivitycheck.gstatic.com
grani.ru
ai.com
opposition-news.com
moscowtimes.ru
steamstat.info
allegro.pl
ntp.msn.com
tmdb.com
gpu-monkey.com
nflximg.com
csskor.ill.in.ua
blackseanews.net
holod.media
alza.hu
habr.com
skiff.com
svoi.kr.ua
twitterflightschool.com
cdn.craft.cloud
quora.com
phncdn.com.sds.rncdn7.com
lolz.guru
newtimes.ru
rezka.ag
ukr.radio
zahav.ru
salesforceliveagent.com
maxon.net
ign.com
tvfreedom.io
i.sakh.com
zapier.com
seasonvar.ru
whatsapp.net
flukenetworks.com
jamf.com
gamesrepack.com
rezkify.com
myjetbrains.com
piratbit.top
bitnami.com
portal.lviv.ua
ukrtelcdn.net
vagrantcloud.com
jut.su
salesforce-hub.com
svidomi.in.ua
theaudiodb.com
servarr.com
tempmail.plus
statology.org
navalny.com
booth.pm
mangapark.net
pkgs.tailscale.com
booth.pximg.net
idelreal.org
kavkaz-uzel.eu
rutracker.net
tiktokcdn-eu.com
the-village.ru
suspilne.media
tvrain.tv
chat.com
deezer.com
medicalnewstoday.com
metal-archives.com
tuta.io
lightning.ai
redgifs.com
sdxcentral.com
adguard.com
telegraph.co.uk
startpage.com
fonge.org
smartbear.com
tmdb.org
cyxymu.info
more.fm
okx.com
telegram.me
pimpletv.ru
geolocation.onetrust.com
tellapart.com
abercrombie.com
itsmycity.ru
tiktokcdn.com
jnn-pa.googleapis.com
lifehacker.com
baikal-journal.ru
strava.com
lambdalabs.com
euroradio.fm
reve.art
abook-club.ru
fbsbx.com
weebly.com
copilot-proxy.githubusercontent.com
data-cdn.mbamupdates.com
whatsapp-plus.me
novayagazeta.eu
bcbits.com
prnt.sc
facebook.com
research.net
strana.news
filmix.day
sobesednik.com
leafletjs.com
force.com
builds.parsec.app
element14.com
googlevideo.com
myheritage.com
nxp.com
ocstore.com
rule34.art
ytimg.l.google.com
zedge.net
ggpht.com
yle.fi
telesco.pe
hdkinoteatr.com
xvideos.com
thetruestory.news
graty.me
usercontent.dev
buymeacoffee.com
forum.netgate.com
claude.ai
mobile.events.data.microsoft.com
epidemz.net.co
intelix.sophos.com
ducati.com
nflxsearch.net
facebook.net
livetv.sx
chaturbate.com
iedb.org
primevideo.com
lucid.app
supercell.com
frankerfacez.com
whatsapp.com
githubcopilot.com
image.tmdb.org
fn-volga.ru
sputnikipogrom.com
thebarentsobserver.com
hashicorp.com
whatsapp-plus.info
chat.openai.com.cdn.cloudflare.net
gelbooru.com
rentry.co
sentry.io
jut-su.net
vpngate.net
notion.site
annas-archive.org
ibm.com
freeimages.com
linkedin.com
skycdp.com
zendesk.com
sky.com
prowlarr.com
flibusta.is
flourish.studio
api.service-kp.com
tsmc.com
kinogo.la
provereno.media
botnadzor.org
musical.ly
dell.com
whatsapp.info
twitpic.com
rezka.my
edu-cisco.org
linear.app
welt.de
rbc.ua
lamcdn.net
expres.online
wilsoncenter.org
mssg.me
salesforce-scrt.com
gofile.io
home-connect.com
themoviedb.org
avira.com
echofm.online
itninja.com
dellcdn.com
cbilling.eu
grafana.com
oaiusercontent.com
vesma.today
unscreen.com
lookerstudio.google.com
spotify.com
weather.com
twitterstat.us
graylog.org
salesforce-setup.com
currenttime.tv
keysight.com
shop.gameloft.com
telegraf.by
hdrezka.ac
kolsar.org
rf.dobrochan.net
t.co
bell-sw.com
premierleague.com
skladchik.com
salesforce.com
gemini.google.com
telegram.dog
cock.li
recraft.ai
interfax.com.ua
kinozal.tv
rutracker.wiki
api.github.com
azathabar.com
korrespondent.net
redis.io
filmix.biz
vesty.co.il
discours.io
ficbook.net
xv-ru.com
twttr.com
guilded.gg
canva.com
play.googleapis.com
reddxxx.com
designer.microsoft.com
cub.red
kym-cdn.com
everand.com
sap.com
liveuamap.com
freemedia.io
remna.st
sketchup.com
yt-video-upload.l.google.com
mbk-news.appspot.com
malwarebytes.com
fbcdn.net
locals.md
radiosvoboda.org
threads.net
golosameriki.com
jetbrains.space
lostfilm.tv
hostinger.com
sfdcopens.com
tiktokv.us
veeam.com
novayagazeta.ru
download3.omnissa.com
gonitro.com
politiken.dk
w.atwiki.jp
telegraf.news
kino.pub
usatoday.com
nba.com
amx.com
twitterinc.com
mixcloud.com
filmix.la
digitalocean.com
euronews.com
sakhalin.info
tiktokw.us
middlewareinventory.com
teamviewer.com
mangahub.ru
mignews.com
adidas.com
etsy.com
comments.app
watermarkremover.io
activatica.org
redshieldvpn.com
broadcom.com
copilot-telemetry.githubusercontent.com
fls.guru
rutracker.org
academy.terrasoft.ua
pornhub.com
rezonans.media
turbobit.net
zbigz.com
v1.telemetry.coder.com
atn.ua
nhentai.com
att.com
gamedistribution.com
notion.new
telegram-cdn.org
pravda.com
hs.fi
simplex.im
smartdeploy.com
analog.com
theins.press
hqporner.com
rus.delfi.ee
torrenteditor.com
hackmd.io
kavkazr.com
remove.bg
nflxext.com
spreadthesign.com
amedia.site
cnd2exp.online
blinkshot.io
api.githubcopilot.com
dreamhost.com
onfastspring.com
newsru.co.il
mattermost.com
anilibria.uno
indiehackers.com
slashlib.me
netflixinvestor.com
assets.heroku.com
salesforce-sites.com
fb.com
bestchange.ru
copilot.microsoft.com
wiki.fextralife.com
dis.gd
rutor.info
hdrezka.ag
cvedetails.com
hotels.com
aol.com
mangadex.org
spacelift.io
instagram.com
ionos.com
tayga.info
ef.edu
vpngen.org
coursera.org
support.xerox.com
attachments.f95zone.to
capcut.com
ldoceonline.com
ngrok.com
pornhub.org
ekhokavkaza.com
chess.com
kaktus.media
youtubekids.com
gagadget.com
important-stories.com
mashable.com
ohmyswift.ru
pravda.com.ua
twittercommunity.com
synoforum.com
ti.com
tuta.com
animaunt.org
twitteroauth.com
nflximg.net
disctech.com
dpidetector.org
rutor.is
netflix.com
cdw.com
depositphotos.com
snyk.io
bbc.com
bluehost.com
cisco.com
intuit.com
fluxer-downloads.s3.us-east-va.io.cloud.ovh.us
spitfireaudio.com
novaya.no
xvideos-cdn.com
dorama.live
paperpaper.io
radiosakharov.org
bestbuy.com
cms-twdigitalassets.com
hentai-foundry.com
squareup.com
semnasem.org
sibreal.org
kasparov.ru
codeium.com
cdromance.org
docs.liquibase.com
mouser.fi
carnegieendowment.org
hromadske.ua
healthline.com
snort.org
nhl.com
gvt1.com
internalfb.com
kinovod.net
digikey.com
twitter.biz
xhamster.com
onshape.com
postimees.ee
digitalcontent.sky
whatsapp.org
youtube.com
ibytedtos.com
twttr.net
flir.com
ig.me
severreal.org
kamatera.com
getoutline.com
vine.co
metla.press
goodreads.com
platform.activestate.com
opensanctions.org
westus-0.in.applicationinsights.azure.com
yummyani.me
eggertspiele.de
flibusta.net
istories.media
fast-torrent.club
widgetapp.stream
nih.gov
rentry.org
vmware.com
install.launcher.omniverse.nvidia.com
animedia.tv
quickconnect.to
deepstatemap.live
vndb.org
singlekey-id.com
telega.one
groq.com
canva.dev
solarwinds.com
filmitorrent.net
archiveofourown.org
mongodb.com
nfl.com
omv-extras.org
returnyoutubedislikeapi.com
kinozal.guru
novaline.fm
sora.com
exler.ru
netflixtechblog.com
intel.nl
metacritic.com
cdninstagram.com
simplex.chat
mediazona.ca
btdig.com
jskor.ill.in.ua
filmix.ac
ai-chat.bsg.brave.com
youtubeembeddedplayer.googleapis.com
voidboost.cc
bato.to
skat.media
spektr.press
tiktokd.org
merezha.co
site.com
rus.jauns.lv
posle.media
telemetr.io
germania.one
buf.build
footballapi.pulselive.com
ads-twitter.com
ghostrc.game.idtech.services
tiktokd.net
doxa.team
playboy.com
mailfence.com
tutanota.com
cbilling.vip
ej.ru
gr-assets.com
signal.org
framer.com
muscdn.com
intuitibits.com
archive.ph
neo4j.com
whatsapp-plus.net
zona.media
ovdinfo.org
nnmstatic.win
bellingcat.com
nike.com
deviantart.com
licdn.com
babook.org
neformat.com.ua
surfshark.com
force-user-content.com
rutracker.cc
alphacoders.com
cats.com
community.sophos.com
trellix.com
tableau.com
coldfilm.xyz
azattyq.org
pingdom.com
fluxer.app
extremetech.com
refactoring.guru
contabo.com
delfi.lt
trailhead.com
sklatchiki.ru
pscp.tv
walmart.com
groupon.com
multporn.net
networksolutions.com
r4.err.ee
svtv.org
tweetdeck.com
notion-static.com
cpu-monkey.com
betterttv.net
origin-tracker.githubusercontent.com
herokucdn.com
smartbear.co
sephora.com
realist.online
x.ai
roskomsvoboda.org
grammarly.com
trueblackmetalradio.com
gaming.amazon.com
grok.com
netflix.ca
ffzap.com
amdm.ru
gpsonextra.net
cloudfront.net
x.com
arbat.media
pornolab.net
olx.ua
api.themoviedb.org
manus.im
news.google.com
dw.com
unian.ua
medium.com
psiphon.ca
uaudio.com
youtube-ui.l.google.com
clashroyaleapp.com
tg.dev
is.fi
voanews.com
ahrefs.com
freedomletters.org
glpals.com
interactivebrokers.co.uk
kinozal.me
vpnlove.me
animespirit.ru
newsru.com
strana.today
volkswagen-classic-parts.com
censortracker.org
kovcheg.live
root-nation.com
lidarr.audio
terraform.io
geforcenow.com
twirpx.com
squadbustersgame.com
credly.com
nordvpn.com
tidal.com
theins.ru
nflxso.net
wl.co
colta.ru
netflix.net
contest.com
t.me
e621.net
api.jetbrains.ai
doramalive.ru
windows10spotlight.com
tiktok.com
linktr.ee
notion.so
oaistatic.com
onlinesim.io
patreon.com
ozodi.org
sakharovfoundation.org
twvid.com
rutor.org
cyberghostvpn.com
default.exp-tas.com
privatekeys.pw
coinsbee.com
buanzo.org
clashofclans.com
dovod.online
lostfilmtv2.site
vpnpay.io
telegram.org
tx.me
hostgator.com
whatsappbrand.com
eutrp.eu
booktracker.org
oculus.com
clip.opus.pro
wikidot.com
adminforge.de
republic.ru
ytimg.com
ui.ill.in.ua
ntc.party
cdn.youtube.com
fonts.googleapis.com
fonts.gstatic.com
googleapis.com
googleusercontent.com
i.ytimg.com
i9.ytimg.com
kids.youtube.com
m.youtube.com
manifest.googlevideo.com
music.youtube.com
nhacmp3youtube.com
s.ytimg.com
signaler-pa.youtube.com
studio.youtube.com
tv.youtube.com
withyoutube.com
youtube.googleapis.com
youtubeeducation.com
youtubefanfest.com
youtubegaming.com
youtubemobilesupport.com
yt.be
yt3.ggpht.com
yt4.ggpht.com
youtube.ae
youtube.al
youtube.am
youtube.at
youtube.az
youtube.ba
youtube.be
youtube.bg
youtube.bh
youtube.bo
youtube.by
youtube.ca
youtube.cat
youtube.ch
youtube.cl
youtube.co
youtube.co.ae
youtube.co.at
youtube.co.cr
youtube.co.hu
youtube.co.id
youtube.co.il
youtube.co.in
youtube.co.jp
youtube.co.ke
youtube.co.kr
youtube.co.ma
youtube.co.nz
youtube.co.th
youtube.co.tz
youtube.co.ug
youtube.co.uk
youtube.co.ve
youtube.co.za
youtube.co.zw
youtube.com.ar
youtube.com.au
youtube.com.az
youtube.com.bd
youtube.com.bh
youtube.com.bo
youtube.com.br
youtube.com.by
youtube.com.co
youtube.com.do
youtube.com.ec
youtube.com.ee
youtube.com.eg
youtube.com.es
youtube.com.gh
youtube.com.gr
youtube.com.gt
youtube.com.hk
youtube.com.hn
youtube.com.hr
youtube.com.jm
youtube.com.jo
youtube.com.kw
youtube.com.lb
youtube.com.lv
youtube.com.ly
youtube.com.mk
youtube.com.mt
youtube.com.mx
youtube.com.my
youtube.com.ng
youtube.com.ni
youtube.com.om
youtube.com.pa
youtube.com.pe
youtube.com.ph
youtube.com.pk
youtube.com.pt
youtube.com.py
youtube.com.qa
youtube.com.ro
youtube.com.sa
youtube.com.sg
youtube.com.sv
youtube.com.tn
youtube.com.tr
youtube.com.tw
youtube.com.ua
youtube.com.uy
youtube.com.ve
youtube.cr
youtube.cz
youtube.de
youtube.dk
youtube.ee
youtube.es
youtube.fi
youtube.fr
youtube.ge
youtube.gr
youtube.gt
youtube.hk
youtube.hr
youtube.hu
youtube.ie
youtube.in
youtube.iq
youtube.is
youtube.it
youtube.jo
youtube.jp
youtube.kr
youtube.kz
youtube.la
youtube.lk
youtube.lt
youtube.lu
youtube.lv
youtube.ly
youtube.ma
youtube.md
youtube.me
youtube.mk
youtube.mn
youtube.mx
youtube.my
youtube.ng
youtube.ni
youtube.nl
youtube.no
youtube.pa
youtube.pe
youtube.ph
youtube.pk
youtube.pl
youtube.pr
youtube.pt
youtube.qa
youtube.ro
youtube.rs
youtube.ru
youtube.sa
youtube.se
youtube.sg
youtube.si
youtube.sk
youtube.sn
youtube.soy
youtube.sv
youtube.tn
youtube.tv
youtube.ua
youtube.ug
youtube.uy
youtube.vn
youtubego.co.id
youtubego.co.in
youtubego.com
youtubego.com.br
youtubego.id
youtubego.in
googleplay.com
play.google.com
beacons.gvt2.com
lh3.googleusercontent.com
android.clients.google.com
play-lh.googleusercontent.com
play-games.googleusercontent.com
prod-lt-playstoregatewayadapter-pa.googleapis.com
etahub.com
erome.com
akamaihd.net
tplinkcloud.com
arduino.cc
downloads.rclone.org
steamcommunity.com
nvidia.com
ton.org
tx.me
usercontent.dev
deepseek.com
aws.cdn.hf.co
